src/app/(auth)/login/page.tsx(53,13): error TS2339: Property 'motion_div_layout' does not exist on type 'JSX.IntrinsicElements'.
src/app/(auth)/login/page.tsx(129,13): error TS2339: Property 'motion_div_layout' does not exist on type 'JSX.IntrinsicElements'.
